[0.013s] Invoking command in '/home/lucifer/dev_ws/build/dbot': CMAKE_PREFIX_PATH=/opt/ros/humble /usr/bin/cmake /home/lucifer/dev_ws/src/dbot -DAMENT_CMAKE_SYMLINK_INSTALL=1 -DCMAKE_INSTALL_PREFIX=/home/lucifer/dev_ws/install/dbot
[0.114s] -- The C compiler identification is GNU 11.4.0
[0.194s] -- The CXX compiler identification is GNU 11.4.0
[0.202s] -- Detecting C compiler ABI info
[0.265s] -- Detecting C compiler ABI info - done
[0.269s] -- Check for working C compiler: /usr/bin/cc - skipped
[0.270s] -- Detecting C compile features
[0.271s] -- Detecting C compile features - done
[0.273s] -- Detecting CXX compiler ABI info
[0.344s] -- Detecting CXX compiler ABI info - done
[0.349s] -- Check for working CXX compiler: /usr/bin/c++ - skipped
[0.349s] -- Detecting CXX compile features
[0.350s] -- Detecting CXX compile features - done
[0.354s] -- Found ament_cmake: 1.3.12 (/opt/ros/humble/share/ament_cmake/cmake)
[0.467s] -- Found Python3: /usr/bin/python3 (found version "3.10.12") found components: Interpreter 
[0.516s] -- Override CMake install command with custom implementation using symlinks instead of copying resources
[0.545s] -- Found ament_lint_auto: 0.12.14 (/opt/ros/humble/share/ament_lint_auto/cmake)
[0.605s] -- Added test 'copyright' to check source files copyright and LICENSE
[0.610s] -- Added test 'flake8' to check Python code syntax and style conventions
[0.611s] -- Added test 'lint_cmake' to check CMake code style
[0.612s] -- Added test 'pep257' to check Python code against some of the docstring style conventions in PEP 257
[0.615s] -- Added test 'xmllint' to check XML markup files
[0.617s] -- Configuring done
[0.619s] -- Generating done
[0.620s] -- Build files have been written to: /home/lucifer/dev_ws/build/dbot
[0.625s] Invoked command in '/home/lucifer/dev_ws/build/dbot' returned '0': CMAKE_PREFIX_PATH=/opt/ros/humble /usr/bin/cmake /home/lucifer/dev_ws/src/dbot -DAMENT_CMAKE_SYMLINK_INSTALL=1 -DCMAKE_INSTALL_PREFIX=/home/lucifer/dev_ws/install/dbot
[0.626s] Invoking command in '/home/lucifer/dev_ws/build/dbot': CMAKE_PREFIX_PATH=/opt/ros/humble /usr/bin/cmake --build /home/lucifer/dev_ws/build/dbot -- -j16 -l16
[0.661s] Invoked command in '/home/lucifer/dev_ws/build/dbot' returned '0': CMAKE_PREFIX_PATH=/opt/ros/humble /usr/bin/cmake --build /home/lucifer/dev_ws/build/dbot -- -j16 -l16
[0.669s] Invoking command in '/home/lucifer/dev_ws/build/dbot': CMAKE_PREFIX_PATH=/opt/ros/humble /usr/bin/cmake --install /home/lucifer/dev_ws/build/dbot
[0.676s] -- Install configuration: ""
[0.676s] -- Execute custom install script
[0.676s] -- Symlinking: /home/lucifer/dev_ws/install/dbot/share/dbot/config/empty.yaml
[0.683s] -- Symlinking: /home/lucifer/dev_ws/install/dbot/share/dbot/description/robot.urdf.xacro
[0.692s] -- Symlinking: /home/lucifer/dev_ws/install/dbot/share/dbot/launch/rsp.launch.py
[0.699s] -- Symlinking: /home/lucifer/dev_ws/install/dbot/share/dbot/worlds/empty.world
[0.708s] -- Symlinking: /home/lucifer/dev_ws/install/dbot/share/ament_index/resource_index/package_run_dependencies/dbot
[0.714s] -- Symlinking: /home/lucifer/dev_ws/install/dbot/share/ament_index/resource_index/parent_prefix_path/dbot
[0.723s] -- Symlinking: /home/lucifer/dev_ws/install/dbot/share/dbot/environment/ament_prefix_path.sh
[0.732s] -- Symlinking: /home/lucifer/dev_ws/install/dbot/share/dbot/environment/ament_prefix_path.dsv
[0.739s] -- Symlinking: /home/lucifer/dev_ws/install/dbot/share/dbot/environment/path.sh
[0.747s] -- Symlinking: /home/lucifer/dev_ws/install/dbot/share/dbot/environment/path.dsv
[0.755s] -- Symlinking: /home/lucifer/dev_ws/install/dbot/share/dbot/local_setup.bash
[0.763s] -- Symlinking: /home/lucifer/dev_ws/install/dbot/share/dbot/local_setup.sh
[0.770s] -- Symlinking: /home/lucifer/dev_ws/install/dbot/share/dbot/local_setup.zsh
[0.778s] -- Symlinking: /home/lucifer/dev_ws/install/dbot/share/dbot/local_setup.dsv
[0.785s] -- Symlinking: /home/lucifer/dev_ws/install/dbot/share/dbot/package.dsv
[0.793s] -- Symlinking: /home/lucifer/dev_ws/install/dbot/share/ament_index/resource_index/packages/dbot
[0.801s] -- Symlinking: /home/lucifer/dev_ws/install/dbot/share/dbot/cmake/dbotConfig.cmake
[0.808s] -- Symlinking: /home/lucifer/dev_ws/install/dbot/share/dbot/cmake/dbotConfig-version.cmake
[0.814s] -- Symlinking: /home/lucifer/dev_ws/install/dbot/share/dbot/package.xml
[0.824s] Invoked command in '/home/lucifer/dev_ws/build/dbot' returned '0': CMAKE_PREFIX_PATH=/opt/ros/humble /usr/bin/cmake --install /home/lucifer/dev_ws/build/dbot
