[0.473s] Invoking command in '/home/lucifer/dev_ws/build/serial_motor_demo': AMENT_PREFIX_PATH=/home/lucifer/dev_ws/install/serial_motor_demo_msgs:${AMENT_PREFIX_PATH} CMAKE_PREFIX_PATH=/home/lucifer/dev_ws/install/serial_motor_demo_msgs LD_LIBRARY_PATH=/home/lucifer/dev_ws/install/serial_motor_demo_msgs/lib:${LD_LIBRARY_PATH} PYTHONPATH=/home/lucifer/dev_ws/build/serial_motor_demo/prefix_override:/usr/lib/python3/dist-packages/colcon_core/task/python/colcon_distutils_commands:/home/lucifer/dev_ws/install/serial_motor_demo/lib/python3.10/site-packages:/home/lucifer/dev_ws/install/serial_motor_demo_msgs/local/lib/python3.10/dist-packages:${PYTHONPATH} /usr/bin/python3 -W ignore:setup.py install is deprecated -W ignore:easy_install command is deprecated setup.py develop --editable --build-directory /home/lucifer/dev_ws/build/serial_motor_demo/build --no-deps symlink_data
[0.625s] /usr/lib/python3/dist-packages/setuptools/dist.py:723: UserWarning: Usage of dash-separated 'script-dir' will not be supported in future versions. Please use the underscore name 'script_dir' instead
[0.625s]   warnings.warn(
[0.646s] running develop
[0.757s] running egg_info
[0.757s] creating serial_motor_demo.egg-info
[0.758s] writing serial_motor_demo.egg-info/PKG-INFO
[0.758s] writing dependency_links to serial_motor_demo.egg-info/dependency_links.txt
[0.758s] writing entry points to serial_motor_demo.egg-info/entry_points.txt
[0.758s] writing requirements to serial_motor_demo.egg-info/requires.txt
[0.758s] writing top-level names to serial_motor_demo.egg-info/top_level.txt
[0.758s] writing manifest file 'serial_motor_demo.egg-info/SOURCES.txt'
[0.759s] reading manifest file 'serial_motor_demo.egg-info/SOURCES.txt'
[0.759s] writing manifest file 'serial_motor_demo.egg-info/SOURCES.txt'
[0.760s] running build_ext
[0.760s] Creating /home/lucifer/dev_ws/install/serial_motor_demo/lib/python3.10/site-packages/serial-motor-demo.egg-link (link to .)
[0.761s] Installing driver script to /home/lucifer/dev_ws/install/serial_motor_demo/lib/serial_motor_demo
[0.761s] Installing gui script to /home/lucifer/dev_ws/install/serial_motor_demo/lib/serial_motor_demo
[0.761s] 
[0.761s] Installed /home/lucifer/dev_ws/build/serial_motor_demo
[0.761s] running symlink_data
[0.761s] creating /home/lucifer/dev_ws/install/serial_motor_demo/share/ament_index
[0.761s] creating /home/lucifer/dev_ws/install/serial_motor_demo/share/ament_index/resource_index
[0.761s] creating /home/lucifer/dev_ws/install/serial_motor_demo/share/ament_index/resource_index/packages
[0.761s] symbolically linking /home/lucifer/dev_ws/build/serial_motor_demo/resource/serial_motor_demo -> /home/lucifer/dev_ws/install/serial_motor_demo/share/ament_index/resource_index/packages
[0.761s] symbolically linking /home/lucifer/dev_ws/build/serial_motor_demo/package.xml -> /home/lucifer/dev_ws/install/serial_motor_demo/share/serial_motor_demo
[0.781s] Invoked command in '/home/lucifer/dev_ws/build/serial_motor_demo' returned '0': AMENT_PREFIX_PATH=/home/lucifer/dev_ws/install/serial_motor_demo_msgs:${AMENT_PREFIX_PATH} CMAKE_PREFIX_PATH=/home/lucifer/dev_ws/install/serial_motor_demo_msgs LD_LIBRARY_PATH=/home/lucifer/dev_ws/install/serial_motor_demo_msgs/lib:${LD_LIBRARY_PATH} PYTHONPATH=/home/lucifer/dev_ws/build/serial_motor_demo/prefix_override:/usr/lib/python3/dist-packages/colcon_core/task/python/colcon_distutils_commands:/home/lucifer/dev_ws/install/serial_motor_demo/lib/python3.10/site-packages:/home/lucifer/dev_ws/install/serial_motor_demo_msgs/local/lib/python3.10/dist-packages:${PYTHONPATH} /usr/bin/python3 -W ignore:setup.py install is deprecated -W ignore:easy_install command is deprecated setup.py develop --editable --build-directory /home/lucifer/dev_ws/build/serial_motor_demo/build --no-deps symlink_data
