[0.012s] Invoking command in '/home/lucifer/dev_ws/build/rosserial_msgs': /usr/bin/cmake /home/lucifer/dev_ws/src/rosserial/rosserial_msgs -DCATKIN_INSTALL_INTO_PREFIX_ROOT=0 -DCATKIN_SYMLINK_INSTALL=ON -DCMAKE_INSTALL_PREFIX=/home/lucifer/dev_ws/install/rosserial_msgs
[0.056s] -- The C compiler identification is GNU 11.4.0
[0.099s] -- The CXX compiler identification is GNU 11.4.0
[0.105s] -- Detecting C compiler ABI info
[0.162s] -- Detecting C compiler ABI info - done
[0.168s] -- Check for working C compiler: /usr/bin/cc - skipped
[0.168s] -- Detecting C compile features
[0.168s] -- Detecting C compile features - done
[0.171s] -- Detecting CXX compiler ABI info
[0.240s] -- Detecting CXX compiler ABI info - done
[0.246s] -- Check for working CXX compiler: /usr/bin/c++ - skipped
[0.246s] -- Detecting CXX compile features
[0.246s] -- Detecting CXX compile features - done
[0.257s] [31mCMake Error at CMakeLists.txt:4 (find_package):
[0.257s]   By not providing "Findcatkin.cmake" in CMAKE_MODULE_PATH this project has
[0.257s]   asked CMake to find a package configuration file provided by "catkin", but
[0.257s]   CMake did not find one.
[0.257s] 
[0.257s]   Could not find a package configuration file provided by "catkin" with any
[0.257s]   of the following names:
[0.257s] 
[0.258s]     catkinConfig.cmake
[0.258s]     catkin-config.cmake
[0.258s] 
[0.258s]   Add the installation prefix of "catkin" to CMAKE_PREFIX_PATH or set
[0.258s]   "catkin_DIR" to a directory containing one of the above files.  If "catkin"
[0.258s]   provides a separate development package or SDK, be sure it has been
[0.258s]   installed.
[0.258s] 
[0.258s] [0m
[0.258s] -- Configuring incomplete, errors occurred!
[0.258s] See also "/home/lucifer/dev_ws/build/rosserial_msgs/CMakeFiles/CMakeOutput.log".
[0.260s] Invoked command in '/home/lucifer/dev_ws/build/rosserial_msgs' returned '1': /usr/bin/cmake /home/lucifer/dev_ws/src/rosserial/rosserial_msgs -DCATKIN_INSTALL_INTO_PREFIX_ROOT=0 -DCATKIN_SYMLINK_INSTALL=ON -DCMAKE_INSTALL_PREFIX=/home/lucifer/dev_ws/install/rosserial_msgs
