[0.013s] Invoking command in '/home/lucifer/dev_ws/build/serial_motor_demo_msgs': CMAKE_PREFIX_PATH=${CMAKE_PREFIX_PATH}:/home/lucifer/dev_ws/install/serial_motor_demo:/opt/ros/humble /usr/bin/cmake --build /home/lucifer/dev_ws/build/serial_motor_demo_msgs -- -j16 -l16
[0.088s] [  2%] Built target serial_motor_demo_msgs__cpp
[0.093s] [ 12%] Built target serial_motor_demo_msgs__rosidl_generator_c
[0.096s] [ 12%] Built target ament_cmake_python_symlink_serial_motor_demo_msgs
[0.113s] [ 38%] Built target serial_motor_demo_msgs__rosidl_typesupport_c
[0.113s] [ 40%] Built target serial_motor_demo_msgs__rosidl_typesupport_introspection_c
[0.113s] [ 44%] Built target serial_motor_demo_msgs__rosidl_typesupport_introspection_cpp
[0.113s] [ 65%] Built target serial_motor_demo_msgs__rosidl_typesupport_fastrtps_cpp
[0.113s] [ 65%] Built target serial_motor_demo_msgs__rosidl_typesupport_cpp
[0.114s] [ 76%] Built target serial_motor_demo_msgs__rosidl_typesupport_fastrtps_c
[0.133s] [ 76%] Built target serial_motor_demo_msgs
[0.156s] [ 78%] Built target serial_motor_demo_msgs__py
[0.180s] [ 87%] Built target serial_motor_demo_msgs__rosidl_generator_py
[0.200s] [ 95%] Built target serial_motor_demo_msgs__rosidl_typesupport_introspection_c__pyext
[0.200s] [ 95%] Built target serial_motor_demo_msgs__rosidl_typesupport_fastrtps_c__pyext
[0.201s] [100%] Built target serial_motor_demo_msgs__rosidl_typesupport_c__pyext
[0.282s] running egg_info
[0.282s] writing serial_motor_demo_msgs.egg-info/PKG-INFO
[0.283s] writing dependency_links to serial_motor_demo_msgs.egg-info/dependency_links.txt
[0.283s] writing top-level names to serial_motor_demo_msgs.egg-info/top_level.txt
[0.284s] reading manifest file 'serial_motor_demo_msgs.egg-info/SOURCES.txt'
[0.285s] writing manifest file 'serial_motor_demo_msgs.egg-info/SOURCES.txt'
[0.307s] [100%] Built target ament_cmake_python_build_serial_motor_demo_msgs_egg
[0.318s] Invoked command in '/home/lucifer/dev_ws/build/serial_motor_demo_msgs' returned '0': CMAKE_PREFIX_PATH=${CMAKE_PREFIX_PATH}:/home/lucifer/dev_ws/install/serial_motor_demo:/opt/ros/humble /usr/bin/cmake --build /home/lucifer/dev_ws/build/serial_motor_demo_msgs -- -j16 -l16
[0.320s] Invoking command in '/home/lucifer/dev_ws/build/serial_motor_demo_msgs': CMAKE_PREFIX_PATH=${CMAKE_PREFIX_PATH}:/home/lucifer/dev_ws/install/serial_motor_demo:/opt/ros/humble /usr/bin/cmake --install /home/lucifer/dev_ws/build/serial_motor_demo_msgs
[0.328s] -- Install configuration: ""
[0.329s] -- Execute custom install script
[0.329s] -- Up-to-date symlink: /home/lucifer/dev_ws/install/serial_motor_demo_msgs/share/ament_index/resource_index/rosidl_interfaces/serial_motor_demo_msgs
[0.330s] -- Up-to-date symlink: /home/lucifer/dev_ws/install/serial_motor_demo_msgs/include/serial_motor_demo_msgs/serial_motor_demo_msgs/msg/detail/encoder_vals__functions.h
[0.330s] -- Up-to-date symlink: /home/lucifer/dev_ws/install/serial_motor_demo_msgs/include/serial_motor_demo_msgs/serial_motor_demo_msgs/msg/detail/encoder_vals__struct.h
[0.330s] -- Up-to-date symlink: /home/lucifer/dev_ws/install/serial_motor_demo_msgs/include/serial_motor_demo_msgs/serial_motor_demo_msgs/msg/detail/encoder_vals__type_support.h
[0.330s] -- Up-to-date symlink: /home/lucifer/dev_ws/install/serial_motor_demo_msgs/include/serial_motor_demo_msgs/serial_motor_demo_msgs/msg/detail/motor_command__functions.h
[0.330s] -- Up-to-date symlink: /home/lucifer/dev_ws/install/serial_motor_demo_msgs/include/serial_motor_demo_msgs/serial_motor_demo_msgs/msg/detail/motor_command__struct.h
[0.330s] -- Up-to-date symlink: /home/lucifer/dev_ws/install/serial_motor_demo_msgs/include/serial_motor_demo_msgs/serial_motor_demo_msgs/msg/detail/motor_command__type_support.h
[0.330s] -- Up-to-date symlink: /home/lucifer/dev_ws/install/serial_motor_demo_msgs/include/serial_motor_demo_msgs/serial_motor_demo_msgs/msg/detail/motor_vels__functions.h
[0.330s] -- Up-to-date symlink: /home/lucifer/dev_ws/install/serial_motor_demo_msgs/include/serial_motor_demo_msgs/serial_motor_demo_msgs/msg/detail/motor_vels__struct.h
[0.330s] -- Up-to-date symlink: /home/lucifer/dev_ws/install/serial_motor_demo_msgs/include/serial_motor_demo_msgs/serial_motor_demo_msgs/msg/detail/motor_vels__type_support.h
[0.330s] -- Up-to-date symlink: /home/lucifer/dev_ws/install/serial_motor_demo_msgs/include/serial_motor_demo_msgs/serial_motor_demo_msgs/msg/encoder_vals.h
[0.331s] -- Up-to-date symlink: /home/lucifer/dev_ws/install/serial_motor_demo_msgs/include/serial_motor_demo_msgs/serial_motor_demo_msgs/msg/motor_command.h
[0.331s] -- Up-to-date symlink: /home/lucifer/dev_ws/install/serial_motor_demo_msgs/include/serial_motor_demo_msgs/serial_motor_demo_msgs/msg/motor_vels.h
[0.331s] -- Up-to-date symlink: /home/lucifer/dev_ws/install/serial_motor_demo_msgs/include/serial_motor_demo_msgs/serial_motor_demo_msgs/msg/rosidl_generator_c__visibility_control.h
[0.331s] -- Up-to-date symlink: /home/lucifer/dev_ws/install/serial_motor_demo_msgs/share/serial_motor_demo_msgs/environment/library_path.sh
[0.331s] -- Up-to-date symlink: /home/lucifer/dev_ws/install/serial_motor_demo_msgs/share/serial_motor_demo_msgs/environment/library_path.dsv
[0.331s] -- Up-to-date symlink: /home/lucifer/dev_ws/install/serial_motor_demo_msgs/include/serial_motor_demo_msgs/serial_motor_demo_msgs/msg/detail/encoder_vals__rosidl_typesupport_fastrtps_c.h
[0.331s] -- Up-to-date symlink: /home/lucifer/dev_ws/install/serial_motor_demo_msgs/include/serial_motor_demo_msgs/serial_motor_demo_msgs/msg/detail/motor_command__rosidl_typesupport_fastrtps_c.h
[0.331s] -- Up-to-date symlink: /home/lucifer/dev_ws/install/serial_motor_demo_msgs/include/serial_motor_demo_msgs/serial_motor_demo_msgs/msg/detail/motor_vels__rosidl_typesupport_fastrtps_c.h
[0.332s] -- Up-to-date symlink: /home/lucifer/dev_ws/install/serial_motor_demo_msgs/include/serial_motor_demo_msgs/serial_motor_demo_msgs/msg/rosidl_typesupport_fastrtps_c__visibility_control.h
[0.332s] -- Up-to-date symlink: /home/lucifer/dev_ws/install/serial_motor_demo_msgs/include/serial_motor_demo_msgs/serial_motor_demo_msgs/msg/detail/encoder_vals__rosidl_typesupport_introspection_c.h
[0.332s] -- Up-to-date symlink: /home/lucifer/dev_ws/install/serial_motor_demo_msgs/include/serial_motor_demo_msgs/serial_motor_demo_msgs/msg/detail/motor_command__rosidl_typesupport_introspection_c.h
[0.332s] -- Up-to-date symlink: /home/lucifer/dev_ws/install/serial_motor_demo_msgs/include/serial_motor_demo_msgs/serial_motor_demo_msgs/msg/detail/motor_vels__rosidl_typesupport_introspection_c.h
[0.332s] -- Up-to-date symlink: /home/lucifer/dev_ws/install/serial_motor_demo_msgs/include/serial_motor_demo_msgs/serial_motor_demo_msgs/msg/rosidl_typesupport_introspection_c__visibility_control.h
[0.332s] -- Up-to-date symlink: /home/lucifer/dev_ws/install/serial_motor_demo_msgs/include/serial_motor_demo_msgs/serial_motor_demo_msgs/msg/detail/encoder_vals__builder.hpp
[0.332s] -- Up-to-date symlink: /home/lucifer/dev_ws/install/serial_motor_demo_msgs/include/serial_motor_demo_msgs/serial_motor_demo_msgs/msg/detail/encoder_vals__struct.hpp
[0.333s] -- Up-to-date symlink: /home/lucifer/dev_ws/install/serial_motor_demo_msgs/include/serial_motor_demo_msgs/serial_motor_demo_msgs/msg/detail/encoder_vals__traits.hpp
[0.333s] -- Up-to-date symlink: /home/lucifer/dev_ws/install/serial_motor_demo_msgs/include/serial_motor_demo_msgs/serial_motor_demo_msgs/msg/detail/encoder_vals__type_support.hpp
[0.333s] -- Up-to-date symlink: /home/lucifer/dev_ws/install/serial_motor_demo_msgs/include/serial_motor_demo_msgs/serial_motor_demo_msgs/msg/detail/motor_command__builder.hpp
[0.333s] -- Up-to-date symlink: /home/lucifer/dev_ws/install/serial_motor_demo_msgs/include/serial_motor_demo_msgs/serial_motor_demo_msgs/msg/detail/motor_command__struct.hpp
[0.333s] -- Up-to-date symlink: /home/lucifer/dev_ws/install/serial_motor_demo_msgs/include/serial_motor_demo_msgs/serial_motor_demo_msgs/msg/detail/motor_command__traits.hpp
[0.333s] -- Up-to-date symlink: /home/lucifer/dev_ws/install/serial_motor_demo_msgs/include/serial_motor_demo_msgs/serial_motor_demo_msgs/msg/detail/motor_command__type_support.hpp
[0.333s] -- Up-to-date symlink: /home/lucifer/dev_ws/install/serial_motor_demo_msgs/include/serial_motor_demo_msgs/serial_motor_demo_msgs/msg/detail/motor_vels__builder.hpp
[0.333s] -- Up-to-date symlink: /home/lucifer/dev_ws/install/serial_motor_demo_msgs/include/serial_motor_demo_msgs/serial_motor_demo_msgs/msg/detail/motor_vels__struct.hpp
[0.333s] -- Up-to-date symlink: /home/lucifer/dev_ws/install/serial_motor_demo_msgs/include/serial_motor_demo_msgs/serial_motor_demo_msgs/msg/detail/motor_vels__traits.hpp
[0.333s] -- Up-to-date symlink: /home/lucifer/dev_ws/install/serial_motor_demo_msgs/include/serial_motor_demo_msgs/serial_motor_demo_msgs/msg/detail/motor_vels__type_support.hpp
[0.333s] -- Up-to-date symlink: /home/lucifer/dev_ws/install/serial_motor_demo_msgs/include/serial_motor_demo_msgs/serial_motor_demo_msgs/msg/encoder_vals.hpp
[0.333s] -- Up-to-date symlink: /home/lucifer/dev_ws/install/serial_motor_demo_msgs/include/serial_motor_demo_msgs/serial_motor_demo_msgs/msg/motor_command.hpp
[0.334s] -- Up-to-date symlink: /home/lucifer/dev_ws/install/serial_motor_demo_msgs/include/serial_motor_demo_msgs/serial_motor_demo_msgs/msg/motor_vels.hpp
[0.334s] -- Up-to-date symlink: /home/lucifer/dev_ws/install/serial_motor_demo_msgs/include/serial_motor_demo_msgs/serial_motor_demo_msgs/msg/rosidl_generator_cpp__visibility_control.hpp
[0.334s] -- Up-to-date symlink: /home/lucifer/dev_ws/install/serial_motor_demo_msgs/include/serial_motor_demo_msgs/serial_motor_demo_msgs/msg/detail/encoder_vals__rosidl_typesupport_fastrtps_cpp.hpp
[0.334s] -- Up-to-date symlink: /home/lucifer/dev_ws/install/serial_motor_demo_msgs/include/serial_motor_demo_msgs/serial_motor_demo_msgs/msg/detail/motor_command__rosidl_typesupport_fastrtps_cpp.hpp
[0.334s] -- Up-to-date symlink: /home/lucifer/dev_ws/install/serial_motor_demo_msgs/include/serial_motor_demo_msgs/serial_motor_demo_msgs/msg/detail/motor_vels__rosidl_typesupport_fastrtps_cpp.hpp
[0.334s] -- Up-to-date symlink: /home/lucifer/dev_ws/install/serial_motor_demo_msgs/include/serial_motor_demo_msgs/serial_motor_demo_msgs/msg/rosidl_typesupport_fastrtps_cpp__visibility_control.h
[0.334s] -- Up-to-date symlink: /home/lucifer/dev_ws/install/serial_motor_demo_msgs/include/serial_motor_demo_msgs/serial_motor_demo_msgs/msg/detail/encoder_vals__rosidl_typesupport_introspection_cpp.hpp
[0.335s] -- Up-to-date symlink: /home/lucifer/dev_ws/install/serial_motor_demo_msgs/include/serial_motor_demo_msgs/serial_motor_demo_msgs/msg/detail/motor_command__rosidl_typesupport_introspection_cpp.hpp
[0.335s] -- Up-to-date symlink: /home/lucifer/dev_ws/install/serial_motor_demo_msgs/include/serial_motor_demo_msgs/serial_motor_demo_msgs/msg/detail/motor_vels__rosidl_typesupport_introspection_cpp.hpp
[0.335s] -- Up-to-date symlink: /home/lucifer/dev_ws/install/serial_motor_demo_msgs/share/serial_motor_demo_msgs/environment/pythonpath.sh
[0.335s] -- Up-to-date symlink: /home/lucifer/dev_ws/install/serial_motor_demo_msgs/share/serial_motor_demo_msgs/environment/pythonpath.dsv
[0.335s] -- Up-to-date symlink: /home/lucifer/dev_ws/install/serial_motor_demo_msgs/local/lib/python3.10/dist-packages/serial_motor_demo_msgs-0.0.0-py3.10.egg-info/PKG-INFO
[0.335s] -- Up-to-date symlink: /home/lucifer/dev_ws/install/serial_motor_demo_msgs/local/lib/python3.10/dist-packages/serial_motor_demo_msgs-0.0.0-py3.10.egg-info/SOURCES.txt
[0.335s] -- Up-to-date symlink: /home/lucifer/dev_ws/install/serial_motor_demo_msgs/local/lib/python3.10/dist-packages/serial_motor_demo_msgs-0.0.0-py3.10.egg-info/dependency_links.txt
[0.336s] -- Up-to-date symlink: /home/lucifer/dev_ws/install/serial_motor_demo_msgs/local/lib/python3.10/dist-packages/serial_motor_demo_msgs-0.0.0-py3.10.egg-info/top_level.txt
[0.336s] -- Up-to-date symlink: /home/lucifer/dev_ws/install/serial_motor_demo_msgs/local/lib/python3.10/dist-packages/serial_motor_demo_msgs/__init__.py
[0.336s] -- Up-to-date symlink: /home/lucifer/dev_ws/install/serial_motor_demo_msgs/local/lib/python3.10/dist-packages/serial_motor_demo_msgs/_serial_motor_demo_msgs_s.ep.rosidl_typesupport_c.c
[0.336s] -- Up-to-date symlink: /home/lucifer/dev_ws/install/serial_motor_demo_msgs/local/lib/python3.10/dist-packages/serial_motor_demo_msgs/_serial_motor_demo_msgs_s.ep.rosidl_typesupport_fastrtps_c.c
[0.336s] -- Up-to-date symlink: /home/lucifer/dev_ws/install/serial_motor_demo_msgs/local/lib/python3.10/dist-packages/serial_motor_demo_msgs/_serial_motor_demo_msgs_s.ep.rosidl_typesupport_introspection_c.c
[0.336s] -- Up-to-date symlink: /home/lucifer/dev_ws/install/serial_motor_demo_msgs/local/lib/python3.10/dist-packages/serial_motor_demo_msgs/libserial_motor_demo_msgs__rosidl_generator_py.so
[0.336s] -- Up-to-date symlink: /home/lucifer/dev_ws/install/serial_motor_demo_msgs/local/lib/python3.10/dist-packages/serial_motor_demo_msgs/msg/__init__.py
[0.337s] -- Up-to-date symlink: /home/lucifer/dev_ws/install/serial_motor_demo_msgs/local/lib/python3.10/dist-packages/serial_motor_demo_msgs/msg/_encoder_vals.py
[0.337s] -- Up-to-date symlink: /home/lucifer/dev_ws/install/serial_motor_demo_msgs/local/lib/python3.10/dist-packages/serial_motor_demo_msgs/msg/_encoder_vals_s.c
[0.337s] -- Up-to-date symlink: /home/lucifer/dev_ws/install/serial_motor_demo_msgs/local/lib/python3.10/dist-packages/serial_motor_demo_msgs/msg/_motor_command.py
[0.337s] -- Up-to-date symlink: /home/lucifer/dev_ws/install/serial_motor_demo_msgs/local/lib/python3.10/dist-packages/serial_motor_demo_msgs/msg/_motor_command_s.c
[0.337s] -- Up-to-date symlink: /home/lucifer/dev_ws/install/serial_motor_demo_msgs/local/lib/python3.10/dist-packages/serial_motor_demo_msgs/msg/_motor_vels.py
[0.337s] -- Up-to-date symlink: /home/lucifer/dev_ws/install/serial_motor_demo_msgs/local/lib/python3.10/dist-packages/serial_motor_demo_msgs/msg/_motor_vels_s.c
[0.337s] -- Up-to-date symlink: /home/lucifer/dev_ws/install/serial_motor_demo_msgs/local/lib/python3.10/dist-packages/serial_motor_demo_msgs/serial_motor_demo_msgs_s__rosidl_typesupport_c.cpython-310-x86_64-linux-gnu.so
[0.337s] -- Up-to-date symlink: /home/lucifer/dev_ws/install/serial_motor_demo_msgs/local/lib/python3.10/dist-packages/serial_motor_demo_msgs/serial_motor_demo_msgs_s__rosidl_typesupport_fastrtps_c.cpython-310-x86_64-linux-gnu.so
[0.337s] -- Up-to-date symlink: /home/lucifer/dev_ws/install/serial_motor_demo_msgs/local/lib/python3.10/dist-packages/serial_motor_demo_msgs/serial_motor_demo_msgs_s__rosidl_typesupport_introspection_c.cpython-310-x86_64-linux-gnu.so
[0.337s] -- Up-to-date symlink: /home/lucifer/dev_ws/install/serial_motor_demo_msgs/local/lib/python3.10/dist-packages/serial_motor_demo_msgs/serial_motor_demo_msgs_s__rosidl_typesupport_fastrtps_c.cpython-310-x86_64-linux-gnu.so
[0.338s] -- Up-to-date symlink: /home/lucifer/dev_ws/install/serial_motor_demo_msgs/local/lib/python3.10/dist-packages/serial_motor_demo_msgs/serial_motor_demo_msgs_s__rosidl_typesupport_introspection_c.cpython-310-x86_64-linux-gnu.so
[0.338s] -- Up-to-date symlink: /home/lucifer/dev_ws/install/serial_motor_demo_msgs/local/lib/python3.10/dist-packages/serial_motor_demo_msgs/serial_motor_demo_msgs_s__rosidl_typesupport_c.cpython-310-x86_64-linux-gnu.so
[0.338s] -- Up-to-date symlink: /home/lucifer/dev_ws/install/serial_motor_demo_msgs/share/serial_motor_demo_msgs/msg/MotorCommand.idl
[0.338s] -- Up-to-date symlink: /home/lucifer/dev_ws/install/serial_motor_demo_msgs/share/serial_motor_demo_msgs/msg/MotorVels.idl
[0.338s] -- Up-to-date symlink: /home/lucifer/dev_ws/install/serial_motor_demo_msgs/share/serial_motor_demo_msgs/msg/EncoderVals.idl
[0.338s] -- Up-to-date symlink: /home/lucifer/dev_ws/install/serial_motor_demo_msgs/share/serial_motor_demo_msgs/msg/MotorCommand.msg
[0.338s] -- Up-to-date symlink: /home/lucifer/dev_ws/install/serial_motor_demo_msgs/share/serial_motor_demo_msgs/msg/MotorVels.msg
[0.339s] -- Up-to-date symlink: /home/lucifer/dev_ws/install/serial_motor_demo_msgs/share/serial_motor_demo_msgs/msg/EncoderVals.msg
[0.339s] -- Up-to-date symlink: /home/lucifer/dev_ws/install/serial_motor_demo_msgs/share/ament_index/resource_index/package_run_dependencies/serial_motor_demo_msgs
[0.339s] -- Up-to-date symlink: /home/lucifer/dev_ws/install/serial_motor_demo_msgs/share/ament_index/resource_index/parent_prefix_path/serial_motor_demo_msgs
[0.339s] -- Up-to-date symlink: /home/lucifer/dev_ws/install/serial_motor_demo_msgs/share/serial_motor_demo_msgs/environment/ament_prefix_path.sh
[0.339s] -- Up-to-date symlink: /home/lucifer/dev_ws/install/serial_motor_demo_msgs/share/serial_motor_demo_msgs/environment/ament_prefix_path.dsv
[0.339s] -- Up-to-date symlink: /home/lucifer/dev_ws/install/serial_motor_demo_msgs/share/serial_motor_demo_msgs/environment/path.sh
[0.339s] -- Up-to-date symlink: /home/lucifer/dev_ws/install/serial_motor_demo_msgs/share/serial_motor_demo_msgs/environment/path.dsv
[0.339s] -- Up-to-date symlink: /home/lucifer/dev_ws/install/serial_motor_demo_msgs/share/serial_motor_demo_msgs/local_setup.bash
[0.339s] -- Up-to-date symlink: /home/lucifer/dev_ws/install/serial_motor_demo_msgs/share/serial_motor_demo_msgs/local_setup.sh
[0.339s] -- Up-to-date symlink: /home/lucifer/dev_ws/install/serial_motor_demo_msgs/share/serial_motor_demo_msgs/local_setup.zsh
[0.339s] -- Up-to-date symlink: /home/lucifer/dev_ws/install/serial_motor_demo_msgs/share/serial_motor_demo_msgs/local_setup.dsv
[0.340s] -- Symlinking: /home/lucifer/dev_ws/install/serial_motor_demo_msgs/share/serial_motor_demo_msgs/package.dsv
[0.348s] -- Up-to-date symlink: /home/lucifer/dev_ws/install/serial_motor_demo_msgs/share/ament_index/resource_index/packages/serial_motor_demo_msgs
[0.348s] -- Up-to-date symlink: /home/lucifer/dev_ws/install/serial_motor_demo_msgs/share/serial_motor_demo_msgs/cmake/rosidl_cmake-extras.cmake
[0.349s] -- Up-to-date symlink: /home/lucifer/dev_ws/install/serial_motor_demo_msgs/share/serial_motor_demo_msgs/cmake/ament_cmake_export_include_directories-extras.cmake
[0.349s] -- Up-to-date symlink: /home/lucifer/dev_ws/install/serial_motor_demo_msgs/share/serial_motor_demo_msgs/cmake/ament_cmake_export_libraries-extras.cmake
[0.349s] -- Up-to-date symlink: /home/lucifer/dev_ws/install/serial_motor_demo_msgs/share/serial_motor_demo_msgs/cmake/ament_cmake_export_targets-extras.cmake
[0.349s] -- Up-to-date symlink: /home/lucifer/dev_ws/install/serial_motor_demo_msgs/share/serial_motor_demo_msgs/cmake/rosidl_cmake_export_typesupport_targets-extras.cmake
[0.349s] -- Up-to-date symlink: /home/lucifer/dev_ws/install/serial_motor_demo_msgs/share/serial_motor_demo_msgs/cmake/ament_cmake_export_dependencies-extras.cmake
[0.349s] -- Up-to-date symlink: /home/lucifer/dev_ws/install/serial_motor_demo_msgs/share/serial_motor_demo_msgs/cmake/rosidl_cmake_export_typesupport_libraries-extras.cmake
[0.349s] -- Up-to-date symlink: /home/lucifer/dev_ws/install/serial_motor_demo_msgs/share/serial_motor_demo_msgs/cmake/serial_motor_demo_msgsConfig.cmake
[0.349s] -- Up-to-date symlink: /home/lucifer/dev_ws/install/serial_motor_demo_msgs/share/serial_motor_demo_msgs/cmake/serial_motor_demo_msgsConfig-version.cmake
[0.349s] -- Up-to-date symlink: /home/lucifer/dev_ws/install/serial_motor_demo_msgs/share/serial_motor_demo_msgs/package.xml
[0.350s] -- Up-to-date: /home/lucifer/dev_ws/install/serial_motor_demo_msgs/lib/libserial_motor_demo_msgs__rosidl_generator_c.so
[0.350s] -- Up-to-date: /home/lucifer/dev_ws/install/serial_motor_demo_msgs/lib/libserial_motor_demo_msgs__rosidl_typesupport_fastrtps_c.so
[0.351s] -- Up-to-date: /home/lucifer/dev_ws/install/serial_motor_demo_msgs/lib/libserial_motor_demo_msgs__rosidl_typesupport_introspection_c.so
[0.351s] -- Up-to-date: /home/lucifer/dev_ws/install/serial_motor_demo_msgs/lib/libserial_motor_demo_msgs__rosidl_typesupport_c.so
[0.352s] -- Up-to-date: /home/lucifer/dev_ws/install/serial_motor_demo_msgs/lib/libserial_motor_demo_msgs__rosidl_typesupport_fastrtps_cpp.so
[0.352s] -- Up-to-date: /home/lucifer/dev_ws/install/serial_motor_demo_msgs/lib/libserial_motor_demo_msgs__rosidl_typesupport_introspection_cpp.so
[0.352s] -- Up-to-date: /home/lucifer/dev_ws/install/serial_motor_demo_msgs/lib/libserial_motor_demo_msgs__rosidl_typesupport_cpp.so
[0.376s] Listing '/home/lucifer/dev_ws/install/serial_motor_demo_msgs/local/lib/python3.10/dist-packages/serial_motor_demo_msgs'...
[0.377s] Listing '/home/lucifer/dev_ws/install/serial_motor_demo_msgs/local/lib/python3.10/dist-packages/serial_motor_demo_msgs/msg'...
[0.380s] -- Up-to-date: /home/lucifer/dev_ws/install/serial_motor_demo_msgs/lib/libserial_motor_demo_msgs__rosidl_generator_py.so
[0.380s] -- Up-to-date: /home/lucifer/dev_ws/install/serial_motor_demo_msgs/share/serial_motor_demo_msgs/cmake/export_serial_motor_demo_msgs__rosidl_generator_cExport.cmake
[0.380s] -- Up-to-date: /home/lucifer/dev_ws/install/serial_motor_demo_msgs/share/serial_motor_demo_msgs/cmake/export_serial_motor_demo_msgs__rosidl_generator_cExport-noconfig.cmake
[0.381s] -- Up-to-date: /home/lucifer/dev_ws/install/serial_motor_demo_msgs/share/serial_motor_demo_msgs/cmake/export_serial_motor_demo_msgs__rosidl_typesupport_fastrtps_cExport.cmake
[0.381s] -- Up-to-date: /home/lucifer/dev_ws/install/serial_motor_demo_msgs/share/serial_motor_demo_msgs/cmake/export_serial_motor_demo_msgs__rosidl_typesupport_fastrtps_cExport-noconfig.cmake
[0.381s] -- Up-to-date: /home/lucifer/dev_ws/install/serial_motor_demo_msgs/share/serial_motor_demo_msgs/cmake/serial_motor_demo_msgs__rosidl_typesupport_introspection_cExport.cmake
[0.381s] -- Up-to-date: /home/lucifer/dev_ws/install/serial_motor_demo_msgs/share/serial_motor_demo_msgs/cmake/serial_motor_demo_msgs__rosidl_typesupport_introspection_cExport-noconfig.cmake
[0.381s] -- Up-to-date: /home/lucifer/dev_ws/install/serial_motor_demo_msgs/share/serial_motor_demo_msgs/cmake/serial_motor_demo_msgs__rosidl_typesupport_cExport.cmake
[0.381s] -- Up-to-date: /home/lucifer/dev_ws/install/serial_motor_demo_msgs/share/serial_motor_demo_msgs/cmake/serial_motor_demo_msgs__rosidl_typesupport_cExport-noconfig.cmake
[0.381s] -- Up-to-date: /home/lucifer/dev_ws/install/serial_motor_demo_msgs/share/serial_motor_demo_msgs/cmake/export_serial_motor_demo_msgs__rosidl_generator_cppExport.cmake
[0.381s] -- Up-to-date: /home/lucifer/dev_ws/install/serial_motor_demo_msgs/share/serial_motor_demo_msgs/cmake/export_serial_motor_demo_msgs__rosidl_typesupport_fastrtps_cppExport.cmake
[0.381s] -- Up-to-date: /home/lucifer/dev_ws/install/serial_motor_demo_msgs/share/serial_motor_demo_msgs/cmake/export_serial_motor_demo_msgs__rosidl_typesupport_fastrtps_cppExport-noconfig.cmake
[0.382s] -- Up-to-date: /home/lucifer/dev_ws/install/serial_motor_demo_msgs/share/serial_motor_demo_msgs/cmake/serial_motor_demo_msgs__rosidl_typesupport_introspection_cppExport.cmake
[0.382s] -- Up-to-date: /home/lucifer/dev_ws/install/serial_motor_demo_msgs/share/serial_motor_demo_msgs/cmake/serial_motor_demo_msgs__rosidl_typesupport_introspection_cppExport-noconfig.cmake
[0.382s] -- Up-to-date: /home/lucifer/dev_ws/install/serial_motor_demo_msgs/share/serial_motor_demo_msgs/cmake/serial_motor_demo_msgs__rosidl_typesupport_cppExport.cmake
[0.382s] -- Up-to-date: /home/lucifer/dev_ws/install/serial_motor_demo_msgs/share/serial_motor_demo_msgs/cmake/serial_motor_demo_msgs__rosidl_typesupport_cppExport-noconfig.cmake
[0.382s] -- Up-to-date: /home/lucifer/dev_ws/install/serial_motor_demo_msgs/share/serial_motor_demo_msgs/cmake/export_serial_motor_demo_msgs__rosidl_generator_pyExport.cmake
[0.382s] -- Up-to-date: /home/lucifer/dev_ws/install/serial_motor_demo_msgs/share/serial_motor_demo_msgs/cmake/export_serial_motor_demo_msgs__rosidl_generator_pyExport-noconfig.cmake
[0.385s] Invoked command in '/home/lucifer/dev_ws/build/serial_motor_demo_msgs' returned '0': CMAKE_PREFIX_PATH=${CMAKE_PREFIX_PATH}:/home/lucifer/dev_ws/install/serial_motor_demo:/opt/ros/humble /usr/bin/cmake --install /home/lucifer/dev_ws/build/serial_motor_demo_msgs
