[0.009s] Invoking command in '/home/lucifer/dev_ws/build/dbot': CMAKE_PREFIX_PATH=${CMAKE_PREFIX_PATH}:/home/lucifer/dev_ws/install/serial_motor_demo:/opt/ros/humble /usr/bin/cmake --build /home/lucifer/dev_ws/build/dbot -- -j16 -l16
[0.033s] -- Found ament_cmake: 1.3.12 (/opt/ros/humble/share/ament_cmake/cmake)
[0.131s] -- Override CMake install command with custom implementation using symlinks instead of copying resources
[0.145s] -- Found ament_lint_auto: 0.12.14 (/opt/ros/humble/share/ament_lint_auto/cmake)
[0.201s] -- Added test 'copyright' to check source files copyright and LICENSE
[0.221s] -- Added test 'flake8' to check Python code syntax and style conventions
[0.223s] -- Added test 'lint_cmake' to check CMake code style
[0.225s] -- Added test 'pep257' to check Python code against some of the docstring style conventions in PEP 257
[0.236s] -- Added test 'xmllint' to check XML markup files
[0.238s] -- Configuring done
[0.240s] -- Generating done
[0.242s] -- Build files have been written to: /home/lucifer/dev_ws/build/dbot
[0.264s] Invoked command in '/home/lucifer/dev_ws/build/dbot' returned '0': CMAKE_PREFIX_PATH=${CMAKE_PREFIX_PATH}:/home/lucifer/dev_ws/install/serial_motor_demo:/opt/ros/humble /usr/bin/cmake --build /home/lucifer/dev_ws/build/dbot -- -j16 -l16
[0.271s] Invoking command in '/home/lucifer/dev_ws/build/dbot': CMAKE_PREFIX_PATH=${CMAKE_PREFIX_PATH}:/home/lucifer/dev_ws/install/serial_motor_demo:/opt/ros/humble /usr/bin/cmake --install /home/lucifer/dev_ws/build/dbot
[0.278s] -- Install configuration: ""
[0.278s] -- Execute custom install script
[0.279s] -- Up-to-date symlink: /home/lucifer/dev_ws/install/dbot/share/dbot/config/drive_bot.rviz
[0.279s] -- Up-to-date symlink: /home/lucifer/dev_ws/install/dbot/share/dbot/config/empty.yaml
[0.279s] -- Symlinking: /home/lucifer/dev_ws/install/dbot/share/dbot/config/gazebo_params.yaml
[0.286s] -- Up-to-date symlink: /home/lucifer/dev_ws/install/dbot/share/dbot/config/main.rviz
[0.286s] -- Up-to-date symlink: /home/lucifer/dev_ws/install/dbot/share/dbot/config/my_controllers.yaml
[0.286s] -- Up-to-date symlink: /home/lucifer/dev_ws/install/dbot/share/dbot/config/view_bot.rviz
[0.287s] -- Up-to-date symlink: /home/lucifer/dev_ws/install/dbot/share/dbot/description/camera.xacro
[0.287s] -- Up-to-date symlink: /home/lucifer/dev_ws/install/dbot/share/dbot/description/face.xacro
[0.287s] -- Up-to-date symlink: /home/lucifer/dev_ws/install/dbot/share/dbot/description/gazebo_control.xacro
[0.287s] -- Up-to-date symlink: /home/lucifer/dev_ws/install/dbot/share/dbot/description/inertial_macros.xacro
[0.287s] -- Up-to-date symlink: /home/lucifer/dev_ws/install/dbot/share/dbot/description/lidar.xacro
[0.287s] -- Up-to-date symlink: /home/lucifer/dev_ws/install/dbot/share/dbot/description/robot.urdf.xacro
[0.287s] -- Up-to-date symlink: /home/lucifer/dev_ws/install/dbot/share/dbot/description/robot_core.xacro
[0.287s] -- Up-to-date symlink: /home/lucifer/dev_ws/install/dbot/share/dbot/description/ros2_control.xacro
[0.287s] -- Up-to-date symlink: /home/lucifer/dev_ws/install/dbot/share/dbot/launch/camera.launch.py
[0.288s] -- Up-to-date symlink: /home/lucifer/dev_ws/install/dbot/share/dbot/launch/launch_sim.launch.py
[0.288s] -- Up-to-date symlink: /home/lucifer/dev_ws/install/dbot/share/dbot/launch/rplidar.launch.py
[0.288s] -- Up-to-date symlink: /home/lucifer/dev_ws/install/dbot/share/dbot/launch/rsp.launch.py
[0.288s] -- Up-to-date symlink: /home/lucifer/dev_ws/install/dbot/share/dbot/worlds/123.world
[0.288s] -- Up-to-date symlink: /home/lucifer/dev_ws/install/dbot/share/dbot/worlds/empty.world
[0.288s] -- Up-to-date symlink: /home/lucifer/dev_ws/install/dbot/share/dbot/worlds/obstacle.world
[0.289s] -- Up-to-date symlink: /home/lucifer/dev_ws/install/dbot/share/ament_index/resource_index/package_run_dependencies/dbot
[0.289s] -- Up-to-date symlink: /home/lucifer/dev_ws/install/dbot/share/ament_index/resource_index/parent_prefix_path/dbot
[0.289s] -- Up-to-date symlink: /home/lucifer/dev_ws/install/dbot/share/dbot/environment/ament_prefix_path.sh
[0.289s] -- Up-to-date symlink: /home/lucifer/dev_ws/install/dbot/share/dbot/environment/ament_prefix_path.dsv
[0.289s] -- Up-to-date symlink: /home/lucifer/dev_ws/install/dbot/share/dbot/environment/path.sh
[0.289s] -- Up-to-date symlink: /home/lucifer/dev_ws/install/dbot/share/dbot/environment/path.dsv
[0.289s] -- Up-to-date symlink: /home/lucifer/dev_ws/install/dbot/share/dbot/local_setup.bash
[0.289s] -- Up-to-date symlink: /home/lucifer/dev_ws/install/dbot/share/dbot/local_setup.sh
[0.290s] -- Up-to-date symlink: /home/lucifer/dev_ws/install/dbot/share/dbot/local_setup.zsh
[0.290s] -- Up-to-date symlink: /home/lucifer/dev_ws/install/dbot/share/dbot/local_setup.dsv
[0.290s] -- Symlinking: /home/lucifer/dev_ws/install/dbot/share/dbot/package.dsv
[0.299s] -- Up-to-date symlink: /home/lucifer/dev_ws/install/dbot/share/ament_index/resource_index/packages/dbot
[0.299s] -- Up-to-date symlink: /home/lucifer/dev_ws/install/dbot/share/dbot/cmake/dbotConfig.cmake
[0.299s] -- Up-to-date symlink: /home/lucifer/dev_ws/install/dbot/share/dbot/cmake/dbotConfig-version.cmake
[0.299s] -- Up-to-date symlink: /home/lucifer/dev_ws/install/dbot/share/dbot/package.xml
[0.301s] Invoked command in '/home/lucifer/dev_ws/build/dbot' returned '0': CMAKE_PREFIX_PATH=${CMAKE_PREFIX_PATH}:/home/lucifer/dev_ws/install/serial_motor_demo:/opt/ros/humble /usr/bin/cmake --install /home/lucifer/dev_ws/build/dbot
