[0.420s] Invoking command in '/home/lucifer/dev_ws/build/serial_motor_demo': AMENT_PREFIX_PATH=/home/lucifer/dev_ws/install/serial_motor_demo_msgs:${AMENT_PREFIX_PATH} CMAKE_PREFIX_PATH=/home/lucifer/dev_ws/install/serial_motor_demo_msgs LD_LIBRARY_PATH=/home/lucifer/dev_ws/install/serial_motor_demo_msgs/lib:${LD_LIBRARY_PATH} PYTHONPATH=/home/lucifer/dev_ws/build/serial_motor_demo/prefix_override:/usr/lib/python3/dist-packages/colcon_core/task/python/colcon_distutils_commands:/home/lucifer/dev_ws/install/serial_motor_demo/lib/python3.10/site-packages:/home/lucifer/dev_ws/install/serial_motor_demo_msgs/local/lib/python3.10/dist-packages:${PYTHONPATH} /usr/bin/python3 -W ignore:setup.py install is deprecated -W ignore:easy_install command is deprecated setup.py develop --editable --build-directory /home/lucifer/dev_ws/build/serial_motor_demo/build --no-deps symlink_data
[0.574s] /usr/lib/python3/dist-packages/setuptools/dist.py:723: UserWarning: Usage of dash-separated 'script-dir' will not be supported in future versions. Please use the underscore name 'script_dir' instead
[0.575s]   warnings.warn(
[0.593s] running develop
[0.708s] running egg_info
[0.708s] writing serial_motor_demo.egg-info/PKG-INFO
[0.708s] writing dependency_links to serial_motor_demo.egg-info/dependency_links.txt
[0.708s] writing entry points to serial_motor_demo.egg-info/entry_points.txt
[0.708s] writing requirements to serial_motor_demo.egg-info/requires.txt
[0.708s] writing top-level names to serial_motor_demo.egg-info/top_level.txt
[0.709s] reading manifest file 'serial_motor_demo.egg-info/SOURCES.txt'
[0.710s] writing manifest file 'serial_motor_demo.egg-info/SOURCES.txt'
[0.711s] running build_ext
[0.711s] Creating /home/lucifer/dev_ws/install/serial_motor_demo/lib/python3.10/site-packages/serial-motor-demo.egg-link (link to .)
[0.711s] Installing driver script to /home/lucifer/dev_ws/install/serial_motor_demo/lib/serial_motor_demo
[0.711s] Installing gui script to /home/lucifer/dev_ws/install/serial_motor_demo/lib/serial_motor_demo
[0.712s] 
[0.712s] Installed /home/lucifer/dev_ws/build/serial_motor_demo
[0.712s] running symlink_data
[0.731s] Invoked command in '/home/lucifer/dev_ws/build/serial_motor_demo' returned '0': AMENT_PREFIX_PATH=/home/lucifer/dev_ws/install/serial_motor_demo_msgs:${AMENT_PREFIX_PATH} CMAKE_PREFIX_PATH=/home/lucifer/dev_ws/install/serial_motor_demo_msgs LD_LIBRARY_PATH=/home/lucifer/dev_ws/install/serial_motor_demo_msgs/lib:${LD_LIBRARY_PATH} PYTHONPATH=/home/lucifer/dev_ws/build/serial_motor_demo/prefix_override:/usr/lib/python3/dist-packages/colcon_core/task/python/colcon_distutils_commands:/home/lucifer/dev_ws/install/serial_motor_demo/lib/python3.10/site-packages:/home/lucifer/dev_ws/install/serial_motor_demo_msgs/local/lib/python3.10/dist-packages:${PYTHONPATH} /usr/bin/python3 -W ignore:setup.py install is deprecated -W ignore:easy_install command is deprecated setup.py develop --editable --build-directory /home/lucifer/dev_ws/build/serial_motor_demo/build --no-deps symlink_data
